// Jest Snapshot v1, https://goo.gl/fbAQLP

exports[`components/GetPostLinkModal should match snapshot with currentTeamUrl passed in 1`] = `
<GetLinkModal
  helpText="The link below allows authorized users to see your post."
  link="http://current-team-url/pl/undefined"
  onHide={[Function]}
  show={false}
  title="Copy Permalink"
/>
`;
